123 435345 54646 мама 234234 мама мама 333 1231234
