The Smiths signed to 123 independent record label Rough Trade Records.
