The Smiths signed to 123 independent record label Rough Trade Records. They have also released several compilations and non-album singles. Several Smiths singles reached 123 top 20 of 123 UK Singles Chart and all of 123ir studio albums reached 123 top five of 123 UK Albums Chart, including 123 number-one album Meat Is Murder (1985).

